Mono path[0] = 'C:/Users/VINICIUS/Videos/MEUS PROJETOS/JOGOS NOVOS/01_RUNE_RELAY/client/Builds/win/RuneRelay_Data/Managed'
Mono config path = 'C:/Users/VINICIUS/Videos/MEUS PROJETOS/JOGOS NOVOS/01_RUNE_RELAY/client/Builds/win/MonoBleedingEdge/etc'
Found 1 interfaces on host : 0) 192.168.15.38
Player connection [14332]  Target information:

Player connection [14332]  * "[IP] 192.168.15.38 [Port] 55000 [Flags] 2 [Guid] 2269488190 [EditorId] 3850891973 [Version] 1048832 [Id] WindowsPlayer(2,DESKTOP-4VDN6JG) [Debug] 0 [PackageName] WindowsPlayer [ProjectName] Rune Relay" 

Player connection [14332] Started UDP target info broadcast (1) on [225.0.0.222:54997].

Input System module state changed to: Initialized.
[Physics::Module] Initialized fallback backend.
[Physics::Module] Id: 0xdecafbad
Initialize engine version: 6000.3.23f1 (09d2ecc7fb28)
[Subsystems] Discovering subsystems at path C:/Users/VINICIUS/Videos/MEUS PROJETOS/JOGOS NOVOS/01_RUNE_RELAY/client/Builds/win/RuneRelay_Data/UnitySubsystems
[D3D12 Device Filter] Vendor Name: NVIDIA
[D3D12 Device Filter] Device Name: NVIDIA GeForce RTX 3050 6GB Laptop GPU
[D3D12 Device Filter] Driver Version: 32.0.15.9174
[D3D12 Device Filter] Feature Level: 12.2
[D3D12 Device Filter] Graphics Memory: 6001 MB
[D3D12 Device Filter] Processor Count: 16
[D3D12 Device Filter] Device Type: Discrete
GfxDevice: creating device client; kGfxThreadingModeSplitJobs
d3d12: failed to query info queue interface (0x80004002).
Direct3D:
    Version:         Direct3D 12 [level 12.2]
    Renderer:        NVIDIA GeForce RTX 3050 6GB Laptop GPU (ID=0x25ac)
    Vendor:          NVIDIA
    VRAM:            6001 MB
    App VRAM Budget: 5233 MB
    Driver:          32.0.15.9174
Begin MonoManager ReloadAssembly
- Loaded All Assemblies, in  0.104 seconds
- Finished resetting the current domain, in  0.002 seconds
[Physics::Module] Selected backend.
[Physics::Module] Name: PhysX
[Physics::Module] Id: 0xf2b8ea05
[Physics::Module] SDK Version: 4.1.2
[Physics::Module] Integration Version: 1.0.0
[Physics::Module] Threading Mode: Multi-Threaded
<RI> Initializing input.
Using Windows.Gaming.Input
UnloadTime: 0.836800 ms
[Physics::Module] Cleanup current backend.
[Physics::Module] Id: 0xf2b8ea05
Input System module state changed to: ShutdownInProgress.
Input System polling thread exited.
Input System module state changed to: Shutdown.
PlayerConnection::Cleanup##utp:{"type":"MemoryLeaks","version":2,"phase":"Immediate","time":1791290130230,"processId":10540,"allocatedMemory":68799,"memoryLabels":[{"Default":136},{"NewDelete":776},{"Thread":7872},{"Manager":14646},{"GfxDevice":2128},{"GfxThread":768},{"Audio":752},{"Serialization":520},{"JobScheduler":32768},{"String":573},{"HashMap":5120},{"PoolAlloc":96},{"CloudService":144},{"VR":1872},{"Video":144},{"NativeArray":372},{"Subsystems":96},{"CoreBusinessMetrics":120}]}
